  Determining projects to restore...
  All projects are up-to-date for restore.
  ERP.Core -> D:\nerp\src\ERP.Core\bin\Debug\net8.0\ERP.Core.dll
  ERP.Shared -> D:\nerp\src\ERP.Shared\bin\Debug\net8.0\ERP.Shared.dll
  ERP.Modules.Platform -> D:\nerp\src\Modules\ERP.Modules.Platform\bin\Debug\net8.0\ERP.Modules.Platform.dll
  ERP.Modules.GeneralLedger -> D:\nerp\src\Modules\ERP.Modules.GeneralLedger\bin\Debug\net8.0\ERP.Modules.GeneralLedger.dll
  ERP.Modules.Platform.Tests -> D:\nerp\tests\ERP.Modules.Platform.Tests\bin\Debug\net8.0\ERP.Modules.Platform.Tests.dll
  ERP.Modules.ProjectAccounting -> D:\nerp\src\Modules\ERP.Modules.ProjectAccounting\bin\Debug\net8.0\ERP.Modules.ProjectAccounting.dll
  ERP.Modules.Purchasing -> D:\nerp\src\Modules\ERP.Modules.Purchasing\bin\Debug\net8.0\ERP.Modules.Purchasing.dll
  ERP.Modules.AccountsReceivable -> D:\nerp\src\Modules\ERP.Modules.AccountsReceivable\bin\Debug\net8.0\ERP.Modules.AccountsReceivable.dll
  ERP.Modules.Inventory -> D:\nerp\src\Modules\ERP.Modules.Inventory\bin\Debug\net8.0\ERP.Modules.Inventory.dll
  ERP.Modules.Reporting -> D:\nerp\src\Modules\ERP.Modules.Reporting\bin\Debug\net8.0\ERP.Modules.Reporting.dll
  ERP.Modules.OrderManagement -> D:\nerp\src\Modules\ERP.Modules.OrderManagement\bin\Debug\net8.0\ERP.Modules.OrderManagement.dll
  ERP.Modules.Payroll -> D:\nerp\src\Modules\ERP.Modules.Payroll\bin\Debug\net8.0\ERP.Modules.Payroll.dll
  ERP.Modules.GeneralLedger.Tests -> D:\nerp\tests\ERP.Modules.GeneralLedger.Tests\bin\Debug\net8.0\ERP.Modules.GeneralLedger.Tests.dll
  ERP.Modules.FieldService -> D:\nerp\src\Modules\ERP.Modules.FieldService\bin\Debug\net8.0\ERP.Modules.FieldService.dll
  ERP.Modules.BillOfMaterials -> D:\nerp\src\Modules\ERP.Modules.BillOfMaterials\bin\Debug\net8.0\ERP.Modules.BillOfMaterials.dll
D:\nerp\src\Modules\ERP.Modules.AccountsPayable\Api\ApReportController.cs(280,27): error CS1061: 'VoucherDistribution' does not contain a definition for 'Voucher' and no accessible extension method 'Voucher' accepting a first argument of type 'VoucherDistribution' could be found (are you missing a using directive or an assembly reference?) [D:\nerp\src\Modules\ERP.Modules.AccountsPayable\ERP.Modules.AccountsPayable.csproj]
D:\nerp\src\Modules\ERP.Modules.AccountsPayable\Api\ApReportController.cs(281,22): error CS1061: 'VoucherDistribution' does not contain a definition for 'Voucher' and no accessible extension method 'Voucher' accepting a first argument of type 'VoucherDistribution' could be found (are you missing a using directive or an assembly reference?) [D:\nerp\src\Modules\ERP.Modules.AccountsPayable\ERP.Modules.AccountsPayable.csproj]
D:\nerp\src\Modules\ERP.Modules.AccountsPayable\Api\ApReportController.cs(282,22): error CS1061: 'VoucherDistribution' does not contain a definition for 'Voucher' and no accessible extension method 'Voucher' accepting a first argument of type 'VoucherDistribution' could be found (are you missing a using directive or an assembly reference?) [D:\nerp\src\Modules\ERP.Modules.AccountsPayable\ERP.Modules.AccountsPayable.csproj]
D:\nerp\src\Modules\ERP.Modules.AccountsPayable\Api\ApReportController.cs(283,22): error CS1061: 'VoucherDistribution' does not contain a definition for 'Voucher' and no accessible extension method 'Voucher' accepting a first argument of type 'VoucherDistribution' could be found (are you missing a using directive or an assembly reference?) [D:\nerp\src\Modules\ERP.Modules.AccountsPayable\ERP.Modules.AccountsPayable.csproj]
D:\nerp\src\Modules\ERP.Modules.AccountsPayable\Api\ApReportController.cs(284,22): error CS1061: 'VoucherDistribution' does not contain a definition for 'Voucher' and no accessible extension method 'Voucher' accepting a first argument of type 'VoucherDistribution' could be found (are you missing a using directive or an assembly reference?) [D:\nerp\src\Modules\ERP.Modules.AccountsPayable\ERP.Modules.AccountsPayable.csproj]
D:\nerp\src\Modules\ERP.Modules.AccountsPayable\Api\ApReportController.cs(285,22): error CS1061: 'VoucherDistribution' does not contain a definition for 'Voucher' and no accessible extension method 'Voucher' accepting a first argument of type 'VoucherDistribution' could be found (are you missing a using directive or an assembly reference?) [D:\nerp\src\Modules\ERP.Modules.AccountsPayable\ERP.Modules.AccountsPayable.csproj]
D:\nerp\src\Modules\ERP.Modules.AccountsPayable\Domain\Entities\Voucher.cs(51,46): error S1144: Remove the unused private setter 'set_VoucherBatch'. (https://rules.sonarsource.com/csharp/RSPEC-1144) [D:\nerp\src\Modules\ERP.Modules.AccountsPayable\ERP.Modules.AccountsPayable.csproj]
D:\nerp\src\Modules\ERP.Modules.AccountsPayable\Domain\Entities\VoucherDistribution.cs(7,1): error SA1208: Using directive for 'System.Text.Json.Serialization' should appear before directive for 'ERP.Core.Domain.Common' (https://github.com/DotNetAnalyzers/StyleCopAnalyzers/blob/master/documentation/SA1208.md) [D:\nerp\src\Modules\ERP.Modules.AccountsPayable\ERP.Modules.AccountsPayable.csproj]
D:\nerp\src\Modules\ERP.Modules.AccountsPayable\Infrastructure\CashRequirementsJob.cs(39,54): error S1125: Remove the unnecessary Boolean literal(s). (https://rules.sonarsource.com/csharp/RSPEC-1125) [D:\nerp\src\Modules\ERP.Modules.AccountsPayable\ERP.Modules.AccountsPayable.csproj]
D:\nerp\src\Modules\ERP.Modules.AccountsPayable\Infrastructure\CashRequirementsJob.cs(61,32): error SA1117: The parameters should all be placed on the same line or each parameter should be placed on its own line. (https://github.com/DotNetAnalyzers/StyleCopAnalyzers/blob/master/documentation/SA1117.md) [D:\nerp\src\Modules\ERP.Modules.AccountsPayable\ERP.Modules.AccountsPayable.csproj]
D:\nerp\src\Modules\ERP.Modules.AccountsPayable\Api\ApReportController.cs(73,17): error SA1117: The parameters should all be placed on the same line or each parameter should be placed on its own line. (https://github.com/DotNetAnalyzers/StyleCopAnalyzers/blob/master/documentation/SA1117.md) [D:\nerp\src\Modules\ERP.Modules.AccountsPayable\ERP.Modules.AccountsPayable.csproj]
D:\nerp\src\Modules\ERP.Modules.AccountsPayable\Api\ApReportController.cs(79,13): error SA1117: The parameters should all be placed on the same line or each parameter should be placed on its own line. (https://github.com/DotNetAnalyzers/StyleCopAnalyzers/blob/master/documentation/SA1117.md) [D:\nerp\src\Modules\ERP.Modules.AccountsPayable\ERP.Modules.AccountsPayable.csproj]
D:\nerp\src\Modules\ERP.Modules.AccountsPayable\Infrastructure\AchFileJob.cs(48,34): error SA1117: The parameters should all be placed on the same line or each parameter should be placed on its own line. (https://github.com/DotNetAnalyzers/StyleCopAnalyzers/blob/master/documentation/SA1117.md) [D:\nerp\src\Modules\ERP.Modules.AccountsPayable\ERP.Modules.AccountsPayable.csproj]
D:\nerp\src\Modules\ERP.Modules.AccountsPayable\Api\ApReportController.cs(289,17): error SA1117: The parameters should all be placed on the same line or each parameter should be placed on its own line. (https://github.com/DotNetAnalyzers/StyleCopAnalyzers/blob/master/documentation/SA1117.md) [D:\nerp\src\Modules\ERP.Modules.AccountsPayable\ERP.Modules.AccountsPayable.csproj]
D:\nerp\src\Modules\ERP.Modules.AccountsPayable\Api\ApReportController.cs(294,13): error SA1117: The parameters should all be placed on the same line or each parameter should be placed on its own line. (https://github.com/DotNetAnalyzers/StyleCopAnalyzers/blob/master/documentation/SA1117.md) [D:\nerp\src\Modules\ERP.Modules.AccountsPayable\ERP.Modules.AccountsPayable.csproj]
D:\nerp\src\Modules\ERP.Modules.AccountsPayable\Api\ApReportController.cs(114,17): error SA1117: The parameters should all be placed on the same line or each parameter should be placed on its own line. (https://github.com/DotNetAnalyzers/StyleCopAnalyzers/blob/master/documentation/SA1117.md) [D:\nerp\src\Modules\ERP.Modules.AccountsPayable\ERP.Modules.AccountsPayable.csproj]
D:\nerp\src\Modules\ERP.Modules.AccountsPayable\Api\ApReportController.cs(119,13): error SA1117: The parameters should all be placed on the same line or each parameter should be placed on its own line. (https://github.com/DotNetAnalyzers/StyleCopAnalyzers/blob/master/documentation/SA1117.md) [D:\nerp\src\Modules\ERP.Modules.AccountsPayable\ERP.Modules.AccountsPayable.csproj]
D:\nerp\src\Modules\ERP.Modules.AccountsPayable\Api\ApReportController.cs(176,17): error SA1117: The parameters should all be placed on the same line or each parameter should be placed on its own line. (https://github.com/DotNetAnalyzers/StyleCopAnalyzers/blob/master/documentation/SA1117.md) [D:\nerp\src\Modules\ERP.Modules.AccountsPayable\ERP.Modules.AccountsPayable.csproj]
D:\nerp\src\Modules\ERP.Modules.AccountsPayable\Api\ApReportController.cs(183,13): error SA1117: The parameters should all be placed on the same line or each parameter should be placed on its own line. (https://github.com/DotNetAnalyzers/StyleCopAnalyzers/blob/master/documentation/SA1117.md) [D:\nerp\src\Modules\ERP.Modules.AccountsPayable\ERP.Modules.AccountsPayable.csproj]
D:\nerp\src\Modules\ERP.Modules.AccountsPayable\Api\ApReportController.cs(258,17): error SA1117: The parameters should all be placed on the same line or each parameter should be placed on its own line. (https://github.com/DotNetAnalyzers/StyleCopAnalyzers/blob/master/documentation/SA1117.md) [D:\nerp\src\Modules\ERP.Modules.AccountsPayable\ERP.Modules.AccountsPayable.csproj]
D:\nerp\src\Modules\ERP.Modules.AccountsPayable\Api\ApReportController.cs(265,13): error SA1117: The parameters should all be placed on the same line or each parameter should be placed on its own line. (https://github.com/DotNetAnalyzers/StyleCopAnalyzers/blob/master/documentation/SA1117.md) [D:\nerp\src\Modules\ERP.Modules.AccountsPayable\ERP.Modules.AccountsPayable.csproj]
D:\nerp\src\Modules\ERP.Modules.AccountsPayable\Api\ApReportController.cs(138,13): error SA1117: The parameters should all be placed on the same line or each parameter should be placed on its own line. (https://github.com/DotNetAnalyzers/StyleCopAnalyzers/blob/master/documentation/SA1117.md) [D:\nerp\src\Modules\ERP.Modules.AccountsPayable\ERP.Modules.AccountsPayable.csproj]
D:\nerp\src\Modules\ERP.Modules.AccountsPayable\Api\ApReportController.cs(145,13): error SA1117: The parameters should all be placed on the same line or each parameter should be placed on its own line. (https://github.com/DotNetAnalyzers/StyleCopAnalyzers/blob/master/documentation/SA1117.md) [D:\nerp\src\Modules\ERP.Modules.AccountsPayable\ERP.Modules.AccountsPayable.csproj]
D:\nerp\src\Modules\ERP.Modules.AccountsPayable\Api\ApReportController.cs(219,17): error SA1117: The parameters should all be placed on the same line or each parameter should be placed on its own line. (https://github.com/DotNetAnalyzers/StyleCopAnalyzers/blob/master/documentation/SA1117.md) [D:\nerp\src\Modules\ERP.Modules.AccountsPayable\ERP.Modules.AccountsPayable.csproj]
D:\nerp\src\Modules\ERP.Modules.AccountsPayable\Api\ApReportController.cs(226,13): error SA1117: The parameters should all be placed on the same line or each parameter should be placed on its own line. (https://github.com/DotNetAnalyzers/StyleCopAnalyzers/blob/master/documentation/SA1117.md) [D:\nerp\src\Modules\ERP.Modules.AccountsPayable\ERP.Modules.AccountsPayable.csproj]
D:\nerp\src\Modules\ERP.Modules.AccountsPayable\Infrastructure\AchFileService.cs(112,23): error SA1117: The parameters should all be placed on the same line or each parameter should be placed on its own line. (https://github.com/DotNetAnalyzers/StyleCopAnalyzers/blob/master/documentation/SA1117.md) [D:\nerp\src\Modules\ERP.Modules.AccountsPayable\ERP.Modules.AccountsPayable.csproj]
D:\nerp\src\Modules\ERP.Modules.AccountsPayable\Infrastructure\AchFileService.cs(93,30): error CA1305: The behavior of 'decimal.ToString(string)' could vary based on the current user's locale settings. Replace this call in 'AchFileService.GenerateAchContentAsync(IReadOnlyList<Payment>, [CancellationToken])' with a call to 'decimal.ToString(string, IFormatProvider)'. (https://learn.microsoft.com/dotnet/fundamentals/code-analysis/quality-rules/ca1305) [D:\nerp\src\Modules\ERP.Modules.AccountsPayable\ERP.Modules.AccountsPayable.csproj]
D:\nerp\src\Modules\ERP.Modules.AccountsPayable\Infrastructure\AchFileService.cs(104,29): error CA1305: The behavior of 'decimal.ToString(string)' could vary based on the current user's locale settings. Replace this call in 'AchFileService.GenerateAchContentAsync(IReadOnlyList<Payment>, [CancellationToken])' with a call to 'decimal.ToString(string, IFormatProvider)'. (https://learn.microsoft.com/dotnet/fundamentals/code-analysis/quality-rules/ca1305) [D:\nerp\src\Modules\ERP.Modules.AccountsPayable\ERP.Modules.AccountsPayable.csproj]

Build FAILED.

D:\nerp\src\Modules\ERP.Modules.AccountsPayable\Api\ApReportController.cs(280,27): error CS1061: 'VoucherDistribution' does not contain a definition for 'Voucher' and no accessible extension method 'Voucher' accepting a first argument of type 'VoucherDistribution' could be found (are you missing a using directive or an assembly reference?) [D:\nerp\src\Modules\ERP.Modules.AccountsPayable\ERP.Modules.AccountsPayable.csproj]
D:\nerp\src\Modules\ERP.Modules.AccountsPayable\Api\ApReportController.cs(281,22): error CS1061: 'VoucherDistribution' does not contain a definition for 'Voucher' and no accessible extension method 'Voucher' accepting a first argument of type 'VoucherDistribution' could be found (are you missing a using directive or an assembly reference?) [D:\nerp\src\Modules\ERP.Modules.AccountsPayable\ERP.Modules.AccountsPayable.csproj]
D:\nerp\src\Modules\ERP.Modules.AccountsPayable\Api\ApReportController.cs(282,22): error CS1061: 'VoucherDistribution' does not contain a definition for 'Voucher' and no accessible extension method 'Voucher' accepting a first argument of type 'VoucherDistribution' could be found (are you missing a using directive or an assembly reference?) [D:\nerp\src\Modules\ERP.Modules.AccountsPayable\ERP.Modules.AccountsPayable.csproj]
D:\nerp\src\Modules\ERP.Modules.AccountsPayable\Api\ApReportController.cs(283,22): error CS1061: 'VoucherDistribution' does not contain a definition for 'Voucher' and no accessible extension method 'Voucher' accepting a first argument of type 'VoucherDistribution' could be found (are you missing a using directive or an assembly reference?) [D:\nerp\src\Modules\ERP.Modules.AccountsPayable\ERP.Modules.AccountsPayable.csproj]
D:\nerp\src\Modules\ERP.Modules.AccountsPayable\Api\ApReportController.cs(284,22): error CS1061: 'VoucherDistribution' does not contain a definition for 'Voucher' and no accessible extension method 'Voucher' accepting a first argument of type 'VoucherDistribution' could be found (are you missing a using directive or an assembly reference?) [D:\nerp\src\Modules\ERP.Modules.AccountsPayable\ERP.Modules.AccountsPayable.csproj]
D:\nerp\src\Modules\ERP.Modules.AccountsPayable\Api\ApReportController.cs(285,22): error CS1061: 'VoucherDistribution' does not contain a definition for 'Voucher' and no accessible extension method 'Voucher' accepting a first argument of type 'VoucherDistribution' could be found (are you missing a using directive or an assembly reference?) [D:\nerp\src\Modules\ERP.Modules.AccountsPayable\ERP.Modules.AccountsPayable.csproj]
D:\nerp\src\Modules\ERP.Modules.AccountsPayable\Domain\Entities\Voucher.cs(51,46): error S1144: Remove the unused private setter 'set_VoucherBatch'. (https://rules.sonarsource.com/csharp/RSPEC-1144) [D:\nerp\src\Modules\ERP.Modules.AccountsPayable\ERP.Modules.AccountsPayable.csproj]
D:\nerp\src\Modules\ERP.Modules.AccountsPayable\Domain\Entities\VoucherDistribution.cs(7,1): error SA1208: Using directive for 'System.Text.Json.Serialization' should appear before directive for 'ERP.Core.Domain.Common' (https://github.com/DotNetAnalyzers/StyleCopAnalyzers/blob/master/documentation/SA1208.md) [D:\nerp\src\Modules\ERP.Modules.AccountsPayable\ERP.Modules.AccountsPayable.csproj]
D:\nerp\src\Modules\ERP.Modules.AccountsPayable\Infrastructure\CashRequirementsJob.cs(39,54): error S1125: Remove the unnecessary Boolean literal(s). (https://rules.sonarsource.com/csharp/RSPEC-1125) [D:\nerp\src\Modules\ERP.Modules.AccountsPayable\ERP.Modules.AccountsPayable.csproj]
D:\nerp\src\Modules\ERP.Modules.AccountsPayable\Infrastructure\CashRequirementsJob.cs(61,32): error SA1117: The parameters should all be placed on the same line or each parameter should be placed on its own line. (https://github.com/DotNetAnalyzers/StyleCopAnalyzers/blob/master/documentation/SA1117.md) [D:\nerp\src\Modules\ERP.Modules.AccountsPayable\ERP.Modules.AccountsPayable.csproj]
D:\nerp\src\Modules\ERP.Modules.AccountsPayable\Api\ApReportController.cs(73,17): error SA1117: The parameters should all be placed on the same line or each parameter should be placed on its own line. (https://github.com/DotNetAnalyzers/StyleCopAnalyzers/blob/master/documentation/SA1117.md) [D:\nerp\src\Modules\ERP.Modules.AccountsPayable\ERP.Modules.AccountsPayable.csproj]
D:\nerp\src\Modules\ERP.Modules.AccountsPayable\Api\ApReportController.cs(79,13): error SA1117: The parameters should all be placed on the same line or each parameter should be placed on its own line. (https://github.com/DotNetAnalyzers/StyleCopAnalyzers/blob/master/documentation/SA1117.md) [D:\nerp\src\Modules\ERP.Modules.AccountsPayable\ERP.Modules.AccountsPayable.csproj]
D:\nerp\src\Modules\ERP.Modules.AccountsPayable\Infrastructure\AchFileJob.cs(48,34): error SA1117: The parameters should all be placed on the same line or each parameter should be placed on its own line. (https://github.com/DotNetAnalyzers/StyleCopAnalyzers/blob/master/documentation/SA1117.md) [D:\nerp\src\Modules\ERP.Modules.AccountsPayable\ERP.Modules.AccountsPayable.csproj]
D:\nerp\src\Modules\ERP.Modules.AccountsPayable\Api\ApReportController.cs(289,17): error SA1117: The parameters should all be placed on the same line or each parameter should be placed on its own line. (https://github.com/DotNetAnalyzers/StyleCopAnalyzers/blob/master/documentation/SA1117.md) [D:\nerp\src\Modules\ERP.Modules.AccountsPayable\ERP.Modules.AccountsPayable.csproj]
D:\nerp\src\Modules\ERP.Modules.AccountsPayable\Api\ApReportController.cs(294,13): error SA1117: The parameters should all be placed on the same line or each parameter should be placed on its own line. (https://github.com/DotNetAnalyzers/StyleCopAnalyzers/blob/master/documentation/SA1117.md) [D:\nerp\src\Modules\ERP.Modules.AccountsPayable\ERP.Modules.AccountsPayable.csproj]
D:\nerp\src\Modules\ERP.Modules.AccountsPayable\Api\ApReportController.cs(114,17): error SA1117: The parameters should all be placed on the same line or each parameter should be placed on its own line. (https://github.com/DotNetAnalyzers/StyleCopAnalyzers/blob/master/documentation/SA1117.md) [D:\nerp\src\Modules\ERP.Modules.AccountsPayable\ERP.Modules.AccountsPayable.csproj]
D:\nerp\src\Modules\ERP.Modules.AccountsPayable\Api\ApReportController.cs(119,13): error SA1117: The parameters should all be placed on the same line or each parameter should be placed on its own line. (https://github.com/DotNetAnalyzers/StyleCopAnalyzers/blob/master/documentation/SA1117.md) [D:\nerp\src\Modules\ERP.Modules.AccountsPayable\ERP.Modules.AccountsPayable.csproj]
D:\nerp\src\Modules\ERP.Modules.AccountsPayable\Api\ApReportController.cs(176,17): error SA1117: The parameters should all be placed on the same line or each parameter should be placed on its own line. (https://github.com/DotNetAnalyzers/StyleCopAnalyzers/blob/master/documentation/SA1117.md) [D:\nerp\src\Modules\ERP.Modules.AccountsPayable\ERP.Modules.AccountsPayable.csproj]
D:\nerp\src\Modules\ERP.Modules.AccountsPayable\Api\ApReportController.cs(183,13): error SA1117: The parameters should all be placed on the same line or each parameter should be placed on its own line. (https://github.com/DotNetAnalyzers/StyleCopAnalyzers/blob/master/documentation/SA1117.md) [D:\nerp\src\Modules\ERP.Modules.AccountsPayable\ERP.Modules.AccountsPayable.csproj]
D:\nerp\src\Modules\ERP.Modules.AccountsPayable\Api\ApReportController.cs(258,17): error SA1117: The parameters should all be placed on the same line or each parameter should be placed on its own line. (https://github.com/DotNetAnalyzers/StyleCopAnalyzers/blob/master/documentation/SA1117.md) [D:\nerp\src\Modules\ERP.Modules.AccountsPayable\ERP.Modules.AccountsPayable.csproj]
D:\nerp\src\Modules\ERP.Modules.AccountsPayable\Api\ApReportController.cs(265,13): error SA1117: The parameters should all be placed on the same line or each parameter should be placed on its own line. (https://github.com/DotNetAnalyzers/StyleCopAnalyzers/blob/master/documentation/SA1117.md) [D:\nerp\src\Modules\ERP.Modules.AccountsPayable\ERP.Modules.AccountsPayable.csproj]
D:\nerp\src\Modules\ERP.Modules.AccountsPayable\Api\ApReportController.cs(138,13): error SA1117: The parameters should all be placed on the same line or each parameter should be placed on its own line. (https://github.com/DotNetAnalyzers/StyleCopAnalyzers/blob/master/documentation/SA1117.md) [D:\nerp\src\Modules\ERP.Modules.AccountsPayable\ERP.Modules.AccountsPayable.csproj]
D:\nerp\src\Modules\ERP.Modules.AccountsPayable\Api\ApReportController.cs(145,13): error SA1117: The parameters should all be placed on the same line or each parameter should be placed on its own line. (https://github.com/DotNetAnalyzers/StyleCopAnalyzers/blob/master/documentation/SA1117.md) [D:\nerp\src\Modules\ERP.Modules.AccountsPayable\ERP.Modules.AccountsPayable.csproj]
D:\nerp\src\Modules\ERP.Modules.AccountsPayable\Api\ApReportController.cs(219,17): error SA1117: The parameters should all be placed on the same line or each parameter should be placed on its own line. (https://github.com/DotNetAnalyzers/StyleCopAnalyzers/blob/master/documentation/SA1117.md) [D:\nerp\src\Modules\ERP.Modules.AccountsPayable\ERP.Modules.AccountsPayable.csproj]
D:\nerp\src\Modules\ERP.Modules.AccountsPayable\Api\ApReportController.cs(226,13): error SA1117: The parameters should all be placed on the same line or each parameter should be placed on its own line. (https://github.com/DotNetAnalyzers/StyleCopAnalyzers/blob/master/documentation/SA1117.md) [D:\nerp\src\Modules\ERP.Modules.AccountsPayable\ERP.Modules.AccountsPayable.csproj]
D:\nerp\src\Modules\ERP.Modules.AccountsPayable\Infrastructure\AchFileService.cs(112,23): error SA1117: The parameters should all be placed on the same line or each parameter should be placed on its own line. (https://github.com/DotNetAnalyzers/StyleCopAnalyzers/blob/master/documentation/SA1117.md) [D:\nerp\src\Modules\ERP.Modules.AccountsPayable\ERP.Modules.AccountsPayable.csproj]
D:\nerp\src\Modules\ERP.Modules.AccountsPayable\Infrastructure\AchFileService.cs(93,30): error CA1305: The behavior of 'decimal.ToString(string)' could vary based on the current user's locale settings. Replace this call in 'AchFileService.GenerateAchContentAsync(IReadOnlyList<Payment>, [CancellationToken])' with a call to 'decimal.ToString(string, IFormatProvider)'. (https://learn.microsoft.com/dotnet/fundamentals/code-analysis/quality-rules/ca1305) [D:\nerp\src\Modules\ERP.Modules.AccountsPayable\ERP.Modules.AccountsPayable.csproj]
D:\nerp\src\Modules\ERP.Modules.AccountsPayable\Infrastructure\AchFileService.cs(104,29): error CA1305: The behavior of 'decimal.ToString(string)' could vary based on the current user's locale settings. Replace this call in 'AchFileService.GenerateAchContentAsync(IReadOnlyList<Payment>, [CancellationToken])' with a call to 'decimal.ToString(string, IFormatProvider)'. (https://learn.microsoft.com/dotnet/fundamentals/code-analysis/quality-rules/ca1305) [D:\nerp\src\Modules\ERP.Modules.AccountsPayable\ERP.Modules.AccountsPayable.csproj]
    0 Warning(s)
    28 Error(s)

Time Elapsed 00:00:01.35
